startDocument()
endDocument()
startDocument()
endDocument()
startDocument()
endDocument()
startDocument()
endDocument()
startDocument()
endDocument()
startDocument()
endDocument()
startDocument()
endDocument()
startDocument()
characters(text1)
endDocument()
startDocument()
characters(text2)
endDocument()
startDocument()
startElement(f)
endElement()
endDocument()
startElement(e1)
endElement()
startElement(e2)
endElement()
startElement(e3)
endElement()
startElement(e3)
attribute(attr1, value1)
endElement()
attribute(name, value)
characters(text3)
startElement(e5)
characters(
    text4
    )
startElement(e)
endElement()
characters(
    text5
    )
processingInstruction(target, data)
comment( comment )
startElement(e6)
attribute(attr2, value2)
attribute(attr3, value2)
endElement()
startElement(e6)
attribute(attr2, value3)
attribute(attr3, value3)
endElement()
startElement(e6)
attribute(attr2, value4)
attribute(attr3, value4)
endElement()
endElement()
processingInstruction(target, data)
comment( comment )
startElement({http://example.com/}e)
endElement()
startElement({http://example.com/}p:e)
endElement()
