StartDocument( )
Comment( text=" Namespace name test: an http IRI that is not a URI " )
DTD( text="
<!DOCTYPE foo [
<!ELEMENT foo ANY>
<!ATTLIST foo xmlns CDATA #IMPLIED>
]>" )
StartElement( name="foo" namespaceUri="http://example.org/rosé" qualifiedName="foo"
    NamespaceDeclaration( namespaceUri="http://example.org/rosé" )
 )
EndElement( name="foo" namespaceUri="http://example.org/rosé" qualifiedName="foo" )
EndDocument( )
